// Jest Snapshot v1, https://goo.gl/fbAQLP

exports[`FormSignIn should be able to render the Form 1`] = `
<div
  class="sc-iBPRYJ knpBoJ"
>
  <form>
    <div
      class="sc-gKsewC dycbEO"
    >
      <div
        class="sc-gsTCUz bNMdPI"
      >
        <div
          class="sc-eCssSg bppvqY"
        >
          <svg
            aria-hidden="true"
            class="StyledIconBase-ea9ulj-0 cKCFNq"
            fill="currentColor"
            focusable="false"
            viewBox="0 0 24 24"
            xmlns="http://www.w3.org/2000/svg"
          >
            <path
              d="M0 0h24v24H0V0z"
              fill="none"
            />
            <path
              d="M22 6c0-1.1-.9-2-2-2H4c-1.1 0-2 .9-2 2v12c0 1.1.9 2 2 2h16c1.1 0 2-.9 2-2V6zm-2 0l-8 5-8-5h16zm0 12H4V8l8 5 8-5v10z"
            />
          </svg>
        </div>
        <input
          class="sc-dlfnbm gxVjuQ"
          name="email"
          placeholder="E-mail"
          type="email"
          value=""
        />
      </div>
    </div>
    <div
      class="sc-gKsewC dycbEO"
    >
      <div
        class="sc-gsTCUz bNMdPI"
      >
        <div
          class="sc-eCssSg bppvqY"
        >
          <svg
            aria-hidden="true"
            class="StyledIconBase-ea9ulj-0 cKCFNq"
            fill="currentColor"
            focusable="false"
            viewBox="0 0 24 24"
            xmlns="http://www.w3.org/2000/svg"
          >
            <g
              fill="none"
            >
              <path
                d="M0 0h24v24H0V0z"
              />
              <path
                d="M0 0h24v24H0V0z"
                opacity="0.87"
              />
            </g>
            <path
              d="M18 8h-1V6c0-2.76-2.24-5-5-5S7 3.24 7 6v2H6c-1.1 0-2 .9-2 2v10c0 1.1.9 2 2 2h12c1.1 0 2-.9 2-2V10c0-1.1-.9-2-2-2zM9 6c0-1.66 1.34-3 3-3s3 1.34 3 3v2H9V6zm9 14H6V10h12v10zm-6-3c1.1 0 2-.9 2-2s-.9-2-2-2-2 .9-2 2 .9 2 2 2z"
            />
          </svg>
        </div>
        <input
          class="sc-dlfnbm gxVjuQ"
          name="password"
          placeholder="Password"
          type="password"
          value=""
        />
      </div>
    </div>
    <a
      class="sc-iqHYGH dpkzqa"
      href="/forgot-password"
    >
      Forgot your password?
    </a>
    <button
      class="sc-bdfBwQ hwlbJG"
      type="submit"
    >
      <span>
        <span>
          Sign in now
        </span>
      </span>
    </button>
    <div
      class="sc-kEjbxe jIJKxq"
    >
      Don't have an account?
       
      <a
        href="/sign-up"
      >
        Sign up
      </a>
    </div>
  </form>
</div>
`;
